// Jest Snapshot v1, https://goo.gl/fbAQLP

exports[`renders correctly 1`] = `
<div
  className="css-1koa93w"
>
  <main>
    <h2
      className="chakra-heading css-0"
    >
      Good evening!
    </h2>
    <p
      className="chakra-text css-xh0rsb"
    >
      I hope you're having an awesome Friday
    </p>
    <p
      className="chakra-text css-0"
    >
      I'm Joe, a 
      Software Engineer
       at 
      <strong>
        Alamy (via YLD)
      </strong>
       üßë‚Äçüíª
    </p>
    <p
      className="chakra-text css-0"
    >
      Passionate about open source, best practices, and mental health.
    </p>
    <div
      className="css-1pup0r6"
    >
      <a
        className="chakra-link css-13ecowm"
        href="/work"
      >
        <h2
          className="chakra-heading css-wlea3r"
        >
          Work History
        </h2>
        <p
          className="chakra-text css-0"
        >
          Check out what I've been up to since I graduated
        </p>
      </a>
      <a
        className="chakra-link css-13ecowm"
        href="/education"
      >
        <h2
          className="chakra-heading css-wlea3r"
        >
          Education
        </h2>
        <p
          className="chakra-text css-0"
        >
          Grades, subjects, and cheap noodles
        </p>
      </a>
    </div>
  </main>
</div>
`;
